[INFO] [1791300626.305363191] [mission_node]: Mission node started for grade 'e'. Collect from shelf_7_ID11, place on shelf_7_ID10.
[INFO] [1791300626.337270700] [mission_node]: 
[o] Make sure cube delivered
    --> Cube delivered and arm withdrawn?
    {-} Deliver cube
        [o] Make sure holding cube
            --> Holding cube?
            [-] Acquire cube
                [o] Make sure at source
                    --> At source?
                    [-] Move safely to source
                        [o] Make sure undocked (source)
                            --> Undocked?
                            --> Undock
                        [o] Make sure arm safe (source)
                            --> Arm safe?
                            --> Move arm safe
                        --> Navigate
                {-} Pick cube
                    --> Move Arm
                    --> Attach
                    --> Move Arm
                    --> Record holding cube
        [o] Make sure at destination
            --> At destination?
            [-] Move safely to destination
                [o] Make sure undocked (destination)
                    --> Undocked?
                    --> Undock
                [o] Make sure arm safe (destination)
                    --> Arm safe?
                    --> Move arm safe
                --> Holding cube while transporting?
                --> Navigate
        {-} Place cube
            --> Move Arm
            --> Detach
            --> Record cube released
            --> Move Arm
            --> Record arm safe

[WARN] [1791300626.428789085] [mission_node]: Transform lookup failed: "map" passed to lookupTransform argument target_frame does not exist. 
[WARN] [1791300626.429553336] [mission_node]: Undock action server not ready yet.
[WARN] [1791300626.530871468] [mission_node]: Transform lookup failed: "map" passed to lookupTransform argument target_frame does not exist. 
[WARN] [1791300626.531579448] [mission_node]: Undock action server not ready yet.
[WARN] [1791300626.636153099] [mission_node]: Transform lookup failed: "map" passed to lookupTransform argument target_frame does not exist. 
[WARN] [1791300626.637283046] [mission_node]: Undock action server not ready yet.
[WARN] [1791300626.739440148] [mission_node]: Transform lookup failed: "map" passed to lookupTransform argument target_frame does not exist. 
[WARN] [1791300626.740434203] [mission_node]: Undock action server not ready yet.
[WARN] [1791300626.842148743] [mission_node]: Transform lookup failed: "map" passed to lookupTransform argument target_frame does not exist. 
[WARN] [1791300626.843348817] [mission_node]: Undock action server not ready yet.
[WARN] [1791300626.944626245] [mission_node]: Transform lookup failed: "map" passed to lookupTransform argument target_frame does not exist. 
[WARN] [1791300626.945490727] [mission_node]: Undock action server not ready yet.
[WARN] [1791300627.047170093] [mission_node]: Transform lookup failed: "map" passed to lookupTransform argument target_frame does not exist. 
[WARN] [1791300627.048952574] [mission_node]: Undock action server not ready yet.
[WARN] [1791300627.153153201] [mission_node]: Transform lookup failed: "map" passed to lookupTransform argument target_frame does not exist. 
[WARN] [1791300627.155081884] [mission_node]: Undock action server not ready yet.
[WARN] [1791300627.257255525] [mission_node]: Transform lookup failed: "map" passed to lookupTransform argument target_frame does not exist. 
[WARN] [1791300627.258353803] [mission_node]: Undock action server not ready yet.
[WARN] [1791300627.279792886] [mission_node]: Transform lookup failed: "map" passed to lookupTransform argument target_frame does not exist. 
[WARN] [1791300627.281589719] [mission_node]: Undock action server not ready yet.
[WARN] [1791300627.383746420] [mission_node]: Transform lookup failed: "map" passed to lookupTransform argument target_frame does not exist. 
[WARN] [1791300627.441932004] [mission_node]: Transform lookup failed: "map" passed to lookupTransform argument target_frame does not exist. 
[ERROR] [1791300627.443067531] [mission_node]: Undock goal was rejected!
[ERROR] [1791300627.448241153] [mission_node]: Mission failed.
