[INFO] [1791306702.184765819] [mission_node]: Mission node started for grade 'e'. Collect from shelf_7_ID11, place on shelf_7_ID10.
[INFO] [1791306702.258875293] [mission_node]: 
[o] Make sure cube delivered
    --> Cube delivered and arm withdrawn?
    {-} Deliver cube
        [o] Make sure holding cube
            --> Holding cube?
            [-] Acquire cube
                [o] Make sure at source
                    --> At source?
                    [-] Move safely to source
                        [o] Make sure undocked (source)
                            --> Undocked?
                            --> Undock
                        [o] Make sure arm safe (source)
                            --> Arm safe?
                            --> Move arm safe
                        --> Navigate
                {-} Pick cube
                    --> Move Arm
                    --> Attach
                    --> Move Arm
                    --> Record holding cube
        [o] Make sure at destination
            --> At destination?
            [-] Move safely to destination
                [o] Make sure undocked (destination)
                    --> Undocked?
                    --> Undock
                [o] Make sure arm safe (destination)
                    --> Arm safe?
                    --> Move arm safe
                --> Holding cube while transporting?
                --> Navigate
        {-} Place cube
            --> Move Arm
            --> Detach
            --> Record cube released
            --> Move Arm
            --> Record arm safe

[WARN] [1791306702.360261900] [mission_node]: Transform lookup failed: "map" passed to lookupTransform argument target_frame does not exist. 
[WARN] [1791306702.360965650] [mission_node]: Undock action server not ready yet.
[WARN] [1791306702.374293338] [mission_node]: Transform lookup failed: "map" passed to lookupTransform argument target_frame does not exist. 
[WARN] [1791306702.375163242] [mission_node]: Undock action server not ready yet.
[WARN] [1791306702.377282656] [mission_node]: Transform lookup failed: "map" passed to lookupTransform argument target_frame does not exist. 
[WARN] [1791306702.378123175] [mission_node]: Undock action server not ready yet.
[WARN] [1791306702.379947430] [mission_node]: Transform lookup failed: "map" passed to lookupTransform argument target_frame does not exist. 
[WARN] [1791306702.380673637] [mission_node]: Undock action server not ready yet.
[WARN] [1791306702.383320908] [mission_node]: Transform lookup failed: "map" passed to lookupTransform argument target_frame does not exist. 
[WARN] [1791306702.383958047] [mission_node]: Undock action server not ready yet.
[WARN] [1791306702.385919611] [mission_node]: Transform lookup failed: "map" passed to lookupTransform argument target_frame does not exist. 
[WARN] [1791306702.386652427] [mission_node]: Undock action server not ready yet.
[WARN] [1791306702.388948965] [mission_node]: Transform lookup failed: "map" passed to lookupTransform argument target_frame does not exist. 
[WARN] [1791306702.389582420] [mission_node]: Undock action server not ready yet.
[WARN] [1791306702.447689331] [mission_node]: Transform lookup failed: "map" passed to lookupTransform argument target_frame does not exist. 
[WARN] [1791306702.448400591] [mission_node]: Undock action server not ready yet.
[WARN] [1791306702.450389410] [mission_node]: Transform lookup failed: "map" passed to lookupTransform argument target_frame does not exist. 
[WARN] [1791306702.451074709] [mission_node]: Undock action server not ready yet.
[WARN] [1791306702.453323704] [mission_node]: Transform lookup failed: "map" passed to lookupTransform argument target_frame does not exist. 
[WARN] [1791306702.454031189] [mission_node]: Undock action server not ready yet.
[WARN] [1791306702.552150032] [mission_node]: Transform lookup failed: "map" passed to lookupTransform argument target_frame does not exist. 
[WARN] [1791306702.553113225] [mission_node]: Undock action server not ready yet.
[WARN] [1791306702.554769415] [mission_node]: Transform lookup failed: "map" passed to lookupTransform argument target_frame does not exist. 
[WARN] [1791306702.555595265] [mission_node]: Undock action server not ready yet.
[WARN] [1791306702.574164030] [mission_node]: Transform lookup failed: "map" passed to lookupTransform argument target_frame does not exist. 
[WARN] [1791306702.575331615] [mission_node]: Undock action server not ready yet.
[WARN] [1791306702.581173552] [mission_node]: Transform lookup failed: "map" passed to lookupTransform argument target_frame does not exist. 
[WARN] [1791306702.582342993] [mission_node]: Undock action server not ready yet.
[WARN] [1791306702.584783118] [mission_node]: Transform lookup failed: "map" passed to lookupTransform argument target_frame does not exist. 
[WARN] [1791306702.587405978] [mission_node]: Undock action server not ready yet.
[WARN] [1791306702.590170112] [mission_node]: Transform lookup failed: "map" passed to lookupTransform argument target_frame does not exist. 
[WARN] [1791306702.591970673] [mission_node]: Undock action server not ready yet.
[WARN] [1791306702.600220268] [mission_node]: Transform lookup failed: "map" passed to lookupTransform argument target_frame does not exist. 
[WARN] [1791306702.604410762] [mission_node]: Undock action server not ready yet.
[WARN] [1791306702.608263820] [mission_node]: Transform lookup failed: "map" passed to lookupTransform argument target_frame does not exist. 
[WARN] [1791306702.610328515] [mission_node]: Undock action server not ready yet.
[WARN] [1791306702.614764494] [mission_node]: Transform lookup failed: "map" passed to lookupTransform argument target_frame does not exist. 
[WARN] [1791306702.617355802] [mission_node]: Undock action server not ready yet.
[WARN] [1791306702.657206594] [mission_node]: Transform lookup failed: "map" passed to lookupTransform argument target_frame does not exist. 
[WARN] [1791306702.657997345] [mission_node]: Undock action server not ready yet.
[WARN] [1791306702.742163290] [mission_node]: Transform lookup failed: "map" passed to lookupTransform argument target_frame does not exist. 
[WARN] [1791306702.745753393] [mission_node]: Undock action server not ready yet.
[WARN] [1791306702.847298706] [mission_node]: Transform lookup failed: "map" passed to lookupTransform argument target_frame does not exist. 
[WARN] [1791306702.848183043] [mission_node]: Undock action server not ready yet.
[WARN] [1791306702.949410503] [mission_node]: Transform lookup failed: "map" passed to lookupTransform argument target_frame does not exist. 
[WARN] [1791306702.950251499] [mission_node]: Undock action server not ready yet.
[WARN] [1791306703.051401153] [mission_node]: Transform lookup failed: "map" passed to lookupTransform argument target_frame does not exist. 
[WARN] [1791306703.052346319] [mission_node]: Undock action server not ready yet.
[WARN] [1791306703.075064089] [mission_node]: Transform lookup failed: "map" passed to lookupTransform argument target_frame does not exist. 
[WARN] [1791306703.076084459] [mission_node]: Undock action server not ready yet.
[WARN] [1791306703.077214838] [mission_node]: Transform lookup failed: "map" passed to lookupTransform argument target_frame does not exist. 
[WARN] [1791306703.078368311] [mission_node]: Undock action server not ready yet.
[WARN] [1791306703.079756770] [mission_node]: Transform lookup failed: "map" passed to lookupTransform argument target_frame does not exist. 
[WARN] [1791306703.080571142] [mission_node]: Undock action server not ready yet.
[WARN] [1791306703.081548108] [mission_node]: Transform lookup failed: "map" passed to lookupTransform argument target_frame does not exist. 
[WARN] [1791306703.082677806] [mission_node]: Undock action server not ready yet.
[WARN] [1791306703.088668440] [mission_node]: Transform lookup failed: "map" passed to lookupTransform argument target_frame does not exist. 
[WARN] [1791306703.089996327] [mission_node]: Undock action server not ready yet.
[WARN] [1791306703.146938249] [mission_node]: Transform lookup failed: "map" passed to lookupTransform argument target_frame does not exist. 
[WARN] [1791306703.148110610] [mission_node]: Undock action server not ready yet.
[WARN] [1791306703.149693606] [mission_node]: Transform lookup failed: "map" passed to lookupTransform argument target_frame does not exist. 
[WARN] [1791306703.150588812] [mission_node]: Undock action server not ready yet.
[WARN] [1791306703.152369009] [mission_node]: Transform lookup failed: "map" passed to lookupTransform argument target_frame does not exist. 
[WARN] [1791306703.153391134] [mission_node]: Undock action server not ready yet.
[WARN] [1791306703.155787410] [mission_node]: Transform lookup failed: "map" passed to lookupTransform argument target_frame does not exist. 
[WARN] [1791306703.156744528] [mission_node]: Undock action server not ready yet.
[WARN] [1791306703.158333580] [mission_node]: Transform lookup failed: "map" passed to lookupTransform argument target_frame does not exist. 
[WARN] [1791306703.159260427] [mission_node]: Undock action server not ready yet.
[WARN] [1791306703.161588019] [mission_node]: Transform lookup failed: "map" passed to lookupTransform argument target_frame does not exist. 
[WARN] [1791306703.162349912] [mission_node]: Undock action server not ready yet.
[WARN] [1791306703.227749786] [mission_node]: Transform lookup failed: "map" passed to lookupTransform argument target_frame does not exist. 
[WARN] [1791306703.539118034] [mission_node]: Transform lookup failed: "map" passed to lookupTransform argument target_frame does not exist. 
[WARN] [1791306703.540199341] [mission_node]: Transform lookup failed: "map" passed to lookupTransform argument target_frame does not exist. 
[WARN] [1791306703.540999400] [mission_node]: Transform lookup failed: "map" passed to lookupTransform argument target_frame does not exist. 
[WARN] [1791306703.542040105] [mission_node]: Transform lookup failed: "map" passed to lookupTransform argument target_frame does not exist. 
[WARN] [1791306703.543133461] [mission_node]: Transform lookup failed: "map" passed to lookupTransform argument target_frame does not exist. 
[WARN] [1791306703.543909289] [mission_node]: Transform lookup failed: "map" passed to lookupTransform argument target_frame does not exist. 
[WARN] [1791306703.545371462] [mission_node]: Transform lookup failed: "map" passed to lookupTransform argument target_frame does not exist. 
[WARN] [1791306703.549373441] [mission_node]: Transform lookup failed: "map" passed to lookupTransform argument target_frame does not exist. 
[WARN] [1791306703.550922958] [mission_node]: Transform lookup failed: Could not find a connection between 'map' and 'base_link' because they are not part of the same tree.Tf has two or more unconnected trees.
[WARN] [1791306703.551928524] [mission_node]: Transform lookup failed: Could not find a connection between 'map' and 'base_link' because they are not part of the same tree.Tf has two or more unconnected trees.
[WARN] [1791306703.552963515] [mission_node]: Transform lookup failed: Could not find a connection between 'map' and 'base_link' because they are not part of the same tree.Tf has two or more unconnected trees.
[WARN] [1791306703.554626622] [mission_node]: Transform lookup failed: Could not find a connection between 'map' and 'base_link' because they are not part of the same tree.Tf has two or more unconnected trees.
[WARN] [1791306703.558836668] [mission_node]: Transform lookup failed: Could not find a connection between 'map' and 'base_link' because they are not part of the same tree.Tf has two or more unconnected trees.
[WARN] [1791306703.560683924] [mission_node]: Transform lookup failed: Could not find a connection between 'map' and 'base_link' because they are not part of the same tree.Tf has two or more unconnected trees.
[WARN] [1791306703.662009439] [mission_node]: Transform lookup failed: Could not find a connection between 'map' and 'base_link' because they are not part of the same tree.Tf has two or more unconnected trees.
[WARN] [1791306703.721178408] [mission_node]: Transform lookup failed: Could not find a connection between 'map' and 'base_link' because they are not part of the same tree.Tf has two or more unconnected trees.
[WARN] [1791306703.723690865] [mission_node]: Transform lookup failed: Could not find a connection between 'map' and 'base_link' because they are not part of the same tree.Tf has two or more unconnected trees.
[WARN] [1791306703.726704907] [mission_node]: Transform lookup failed: Could not find a connection between 'map' and 'base_link' because they are not part of the same tree.Tf has two or more unconnected trees.
[WARN] [1791306703.728185497] [mission_node]: Transform lookup failed: Could not find a connection between 'map' and 'base_link' because they are not part of the same tree.Tf has two or more unconnected trees.
[WARN] [1791306703.729466830] [mission_node]: Transform lookup failed: Could not find a connection between 'map' and 'base_link' because they are not part of the same tree.Tf has two or more unconnected trees.
[WARN] [1791306703.730525350] [mission_node]: Transform lookup failed: Could not find a connection between 'map' and 'base_link' because they are not part of the same tree.Tf has two or more unconnected trees.
[INFO] [1791306929.998112529] [mission_node]: Undock succeeded.
[INFO] [1791306930.000046015] [mission_node]: Navigating to x: 1.98, y: 7.15
[ERROR] [1791307433.507533853] [mission_node]: Navigation failed with status: 6
[ERROR] [1791307433.511937726] [mission_node]: Mission failed.
