[INFO] [1791386325.122215366] [mission_node]: Mission node started for grade 'e'. Collect from shelf_7_ID11, place on shelf_7_ID10.
[INFO] [1791386326.394452973] [mission_node]: 
[o] Make sure cube delivered
    --> Cube delivered and arm withdrawn?
    {-} Deliver cube
        [o] Make sure holding cube
            --> Holding cube?
            [-] Acquire cube
                [o] Make sure at source
                    --> At source?
                    [-] Move safely to source
                        [o] Make sure undocked (source)
                            --> Undocked?
                            --> Undock
                        [o] Make sure arm safe (source)
                            --> Arm safe?
                            --> Move arm safe
                        --> Navigate
                {-} Pick cube
                    --> Move Arm
                    --> Attach
                    --> Move Arm
                    --> Record holding cube
        [o] Make sure at destination
            --> At destination?
            [-] Move safely to destination
                [o] Make sure undocked (destination)
                    --> Undocked?
                    --> Undock
                [o] Make sure arm safe (destination)
                    --> Arm safe?
                    --> Move arm safe
                --> Holding cube while transporting?
                --> Navigate
        {-} Place cube
            --> Move Arm
            --> Detach
            --> Record cube released
            --> Move Arm
            --> Record arm safe

[INFO] [1791386326.395046574] [mission_node]: Waiting for action servers (/undock, /navigate_to_pose) to be ready...
[INFO] [1791386326.646580381] [mission_node]: Waiting for TF transform (map -> base_link) to become available...
[INFO] [1791386327.483681448] [mission_node]: All readiness checks passed. Starting mission tree ticks.
[INFO] [1791386395.200407244] [mission_node]: Undock completed successfully.
[INFO] [1791386395.201105990] [mission_node]: Clearing local and global costmaps...
[INFO] [1791386395.202900175] [mission_node]: Clearing local and global costmaps...
[INFO] [1791386395.203913649] [mission_node]: Navigating to x: 1.98, y: 7.15
[WARN] [1791386521.299162944] [mission_node]: Navigation failed with status: 6
[ERROR] [1791386521.300424118] [mission_node]: Mission failed.
