[INFO] [1791301820.969026748] [mission_node]: Mission node started for grade 'e'. Collect from shelf_7_ID11, place on shelf_7_ID10.
[INFO] [1791301821.679324739] [mission_node]: 
[o] Make sure cube delivered
    --> Cube delivered and arm withdrawn?
    {-} Deliver cube
        [o] Make sure holding cube
            --> Holding cube?
            [-] Acquire cube
                [o] Make sure at source
                    --> At source?
                    [-] Move safely to source
                        [o] Make sure undocked (source)
                            --> Undocked?
                            --> Undock
                        [o] Make sure arm safe (source)
                            --> Arm safe?
                            --> Move arm safe
                        --> Navigate
                {-} Pick cube
                    --> Move Arm
                    --> Attach
                    --> Move Arm
                    --> Record holding cube
        [o] Make sure at destination
            --> At destination?
            [-] Move safely to destination
                [o] Make sure undocked (destination)
                    --> Undocked?
                    --> Undock
                [o] Make sure arm safe (destination)
                    --> Arm safe?
                    --> Move arm safe
                --> Holding cube while transporting?
                --> Navigate
        {-} Place cube
            --> Move Arm
            --> Detach
            --> Record cube released
            --> Move Arm
            --> Record arm safe

[WARN] [1791301821.684349246] [mission_node]: Transform lookup failed: "base_link" passed to lookupTransform argument source_frame does not exist. 
[WARN] [1791301821.685167467] [mission_node]: Undock action server not ready yet.
[WARN] [1791301821.786641575] [mission_node]: Transform lookup failed: "base_link" passed to lookupTransform argument source_frame does not exist. 
[WARN] [1791301821.787413772] [mission_node]: Undock action server not ready yet.
[WARN] [1791301821.888864133] [mission_node]: Transform lookup failed: "base_link" passed to lookupTransform argument source_frame does not exist. 
[WARN] [1791301821.889577286] [mission_node]: Undock action server not ready yet.
[WARN] [1791301821.990809747] [mission_node]: Transform lookup failed: "base_link" passed to lookupTransform argument source_frame does not exist. 
[WARN] [1791301821.991506722] [mission_node]: Undock action server not ready yet.
[WARN] [1791301822.092880159] [mission_node]: Transform lookup failed: "base_link" passed to lookupTransform argument source_frame does not exist. 
[WARN] [1791301822.093648925] [mission_node]: Undock action server not ready yet.
[WARN] [1791301822.146095596] [mission_node]: Undock action server not ready yet.
[WARN] [1791301822.148273127] [mission_node]: Undock action server not ready yet.
[WARN] [1791301822.150005747] [mission_node]: Undock action server not ready yet.
[WARN] [1791301822.152145688] [mission_node]: Undock action server not ready yet.
[WARN] [1791301822.153201846] [mission_node]: Undock action server not ready yet.
[WARN] [1791301822.154786818] [mission_node]: Undock action server not ready yet.
[WARN] [1791301822.205351247] [mission_node]: Undock action server not ready yet.
[WARN] [1791301822.207566101] [mission_node]: Undock action server not ready yet.
[WARN] [1791301822.284992136] [mission_node]: Undock action server not ready yet.
[WARN] [1791301822.375424437] [mission_node]: Undock action server not ready yet.
[WARN] [1791301822.392841333] [mission_node]: Undock action server not ready yet.
[WARN] [1791301822.394896479] [mission_node]: Undock action server not ready yet.
[WARN] [1791301822.496309623] [mission_node]: Undock action server not ready yet.
[WARN] [1791301822.570225839] [mission_node]: Undock action server not ready yet.
[WARN] [1791301822.671454970] [mission_node]: Undock action server not ready yet.
[WARN] [1791301822.690131965] [mission_node]: Undock action server not ready yet.
[WARN] [1791301822.691281529] [mission_node]: Undock action server not ready yet.
[WARN] [1791301822.792592129] [mission_node]: Undock action server not ready yet.
[WARN] [1791301822.819930437] [mission_node]: Undock action server not ready yet.
[WARN] [1791301822.921144715] [mission_node]: Undock action server not ready yet.
[WARN] [1791301823.029565712] [mission_node]: Undock action server not ready yet.
[WARN] [1791301823.130758240] [mission_node]: Undock action server not ready yet.
[WARN] [1791301823.232135608] [mission_node]: Undock action server not ready yet.
[WARN] [1791301823.318590194] [mission_node]: Undock action server not ready yet.
[WARN] [1791301823.419987975] [mission_node]: Undock action server not ready yet.
[WARN] [1791301823.521221636] [mission_node]: Undock action server not ready yet.
[WARN] [1791301823.622673685] [mission_node]: Undock action server not ready yet.
[WARN] [1791301823.652151293] [mission_node]: Undock action server not ready yet.
[WARN] [1791301823.753560964] [mission_node]: Undock action server not ready yet.
[WARN] [1791301823.854816703] [mission_node]: Undock action server not ready yet.
[WARN] [1791301823.956159845] [mission_node]: Undock action server not ready yet.
[WARN] [1791301823.987857578] [mission_node]: Undock action server not ready yet.
[WARN] [1791301823.989699090] [mission_node]: Undock action server not ready yet.
[WARN] [1791301823.990685397] [mission_node]: Undock action server not ready yet.
[WARN] [1791301823.992258062] [mission_node]: Undock action server not ready yet.
[WARN] [1791301823.993273655] [mission_node]: Undock action server not ready yet.
[WARN] [1791301823.994974161] [mission_node]: Undock action server not ready yet.
[WARN] [1791301823.996602149] [mission_node]: Undock action server not ready yet.
[WARN] [1791301823.998121471] [mission_node]: Undock action server not ready yet.
[WARN] [1791301823.999052362] [mission_node]: Undock action server not ready yet.
[WARN] [1791301824.000622392] [mission_node]: Undock action server not ready yet.
[WARN] [1791301824.001488172] [mission_node]: Undock action server not ready yet.
[WARN] [1791301824.003013564] [mission_node]: Undock action server not ready yet.
[WARN] [1791301824.104856876] [mission_node]: Undock action server not ready yet.
[WARN] [1791301824.107992952] [mission_node]: Undock action server not ready yet.
[WARN] [1791301824.112071080] [mission_node]: Undock action server not ready yet.
[WARN] [1791301824.113960585] [mission_node]: Undock action server not ready yet.
[WARN] [1791301824.115938320] [mission_node]: Undock action server not ready yet.
[WARN] [1791301824.118397576] [mission_node]: Undock action server not ready yet.
[WARN] [1791301824.215694951] [mission_node]: Undock action server not ready yet.
[WARN] [1791301824.218789827] [mission_node]: Undock action server not ready yet.
[WARN] [1791301824.221006318] [mission_node]: Undock action server not ready yet.
[WARN] [1791301824.222044023] [mission_node]: Undock action server not ready yet.
[WARN] [1791301824.222870450] [mission_node]: Undock action server not ready yet.
[WARN] [1791301824.224319231] [mission_node]: Undock action server not ready yet.
[WARN] [1791301824.227807468] [mission_node]: Undock action server not ready yet.
[WARN] [1791301824.249426805] [mission_node]: Undock action server not ready yet.
[WARN] [1791301824.319638017] [mission_node]: Undock action server not ready yet.
[WARN] [1791301824.394644010] [mission_node]: Undock action server not ready yet.
[WARN] [1791301824.397084366] [mission_node]: Undock action server not ready yet.
[WARN] [1791301824.398335488] [mission_node]: Undock action server not ready yet.
[WARN] [1791301824.401047282] [mission_node]: Undock action server not ready yet.
[WARN] [1791301824.402051754] [mission_node]: Undock action server not ready yet.
[WARN] [1791301824.403113875] [mission_node]: Undock action server not ready yet.
[WARN] [1791301824.462851665] [mission_node]: Undock action server not ready yet.
[WARN] [1791301824.465372550] [mission_node]: Undock action server not ready yet.
[WARN] [1791301824.468436156] [mission_node]: Undock action server not ready yet.
[WARN] [1791301824.471166834] [mission_node]: Undock action server not ready yet.
[WARN] [1791301824.472827617] [mission_node]: Undock action server not ready yet.
[WARN] [1791301824.473993211] [mission_node]: Undock action server not ready yet.
[WARN] [1791301824.475782382] [mission_node]: Undock action server not ready yet.
[WARN] [1791301824.477190716] [mission_node]: Undock action server not ready yet.
[WARN] [1791301824.578649990] [mission_node]: Undock action server not ready yet.
[WARN] [1791301824.613641923] [mission_node]: Undock action server not ready yet.
[WARN] [1791301824.616259947] [mission_node]: Undock action server not ready yet.
[WARN] [1791301824.619082720] [mission_node]: Undock action server not ready yet.
[WARN] [1791301824.622025690] [mission_node]: Undock action server not ready yet.
[WARN] [1791301824.624507629] [mission_node]: Undock action server not ready yet.
[WARN] [1791301824.625676093] [mission_node]: Undock action server not ready yet.
[WARN] [1791301824.723332209] [mission_node]: Undock action server not ready yet.
[WARN] [1791301824.726248065] [mission_node]: Undock action server not ready yet.
[WARN] [1791301824.729364604] [mission_node]: Undock action server not ready yet.
[WARN] [1791301824.730654860] [mission_node]: Undock action server not ready yet.
[WARN] [1791301824.731930968] [mission_node]: Undock action server not ready yet.
[WARN] [1791301824.735475965] [mission_node]: Undock action server not ready yet.
[WARN] [1791301824.737744347] [mission_node]: Undock action server not ready yet.
[WARN] [1791301824.738854792] [mission_node]: Undock action server not ready yet.
[WARN] [1791301824.739897002] [mission_node]: Undock action server not ready yet.
[WARN] [1791301824.798728715] [mission_node]: Undock action server not ready yet.
[WARN] [1791301824.900031109] [mission_node]: Undock action server not ready yet.
[WARN] [1791301824.910836979] [mission_node]: Undock action server not ready yet.
[WARN] [1791301824.913187401] [mission_node]: Undock action server not ready yet.
[WARN] [1791301824.916357267] [mission_node]: Undock action server not ready yet.
[WARN] [1791301824.918985287] [mission_node]: Undock action server not ready yet.
[WARN] [1791301824.922464770] [mission_node]: Undock action server not ready yet.
[WARN] [1791301824.966153466] [mission_node]: Undock action server not ready yet.
[WARN] [1791301824.968990677] [mission_node]: Undock action server not ready yet.
[WARN] [1791301824.971753022] [mission_node]: Undock action server not ready yet.
[WARN] [1791301824.975077359] [mission_node]: Undock action server not ready yet.
[WARN] [1791301824.977903253] [mission_node]: Undock action server not ready yet.
[WARN] [1791301825.043310894] [mission_node]: Undock action server not ready yet.
[WARN] [1791301825.144749025] [mission_node]: Undock action server not ready yet.
[WARN] [1791301825.246200010] [mission_node]: Undock action server not ready yet.
[WARN] [1791301825.316977191] [mission_node]: Undock action server not ready yet.
[WARN] [1791301825.318635271] [mission_node]: Undock action server not ready yet.
[WARN] [1791301825.320437367] [mission_node]: Undock action server not ready yet.
[WARN] [1791301825.421773005] [mission_node]: Undock action server not ready yet.
[WARN] [1791301825.523160504] [mission_node]: Undock action server not ready yet.
[WARN] [1791301825.624891538] [mission_node]: Undock action server not ready yet.
[WARN] [1791301825.650820311] [mission_node]: Undock action server not ready yet.
[WARN] [1791301825.752592589] [mission_node]: Undock action server not ready yet.
[WARN] [1791301825.853830547] [mission_node]: Undock action server not ready yet.
[WARN] [1791301825.955228677] [mission_node]: Undock action server not ready yet.
[WARN] [1791301825.984995893] [mission_node]: Undock action server not ready yet.
[WARN] [1791301825.986069570] [mission_node]: Undock action server not ready yet.
[WARN] [1791301825.987562444] [mission_node]: Undock action server not ready yet.
[WARN] [1791301825.988626994] [mission_node]: Undock action server not ready yet.
[WARN] [1791301825.990283007] [mission_node]: Undock action server not ready yet.
[WARN] [1791301825.991843373] [mission_node]: Undock action server not ready yet.
[WARN] [1791301825.992913993] [mission_node]: Undock action server not ready yet.
[WARN] [1791301825.993922788] [mission_node]: Undock action server not ready yet.
[WARN] [1791301825.995733104] [mission_node]: Undock action server not ready yet.
[WARN] [1791301825.997414967] [mission_node]: Undock action server not ready yet.
[WARN] [1791301825.998344729] [mission_node]: Undock action server not ready yet.
[WARN] [1791301825.999965700] [mission_node]: Undock action server not ready yet.
[WARN] [1791301826.001029624] [mission_node]: Undock action server not ready yet.
[WARN] [1791301826.002604579] [mission_node]: Undock action server not ready yet.
[WARN] [1791301826.089256125] [mission_node]: Undock action server not ready yet.
[WARN] [1791301826.091204690] [mission_node]: Undock action server not ready yet.
[WARN] [1791301826.093059019] [mission_node]: Undock action server not ready yet.
[WARN] [1791301826.094369108] [mission_node]: Undock action server not ready yet.
[WARN] [1791301826.097504355] [mission_node]: Undock action server not ready yet.
[WARN] [1791301826.102751834] [mission_node]: Undock action server not ready yet.
[WARN] [1791301826.105928718] [mission_node]: Undock action server not ready yet.
[WARN] [1791301826.108396026] [mission_node]: Undock action server not ready yet.
[WARN] [1791301826.209905020] [mission_node]: Undock action server not ready yet.
[WARN] [1791301826.252530011] [mission_node]: Undock action server not ready yet.
[WARN] [1791301826.255322648] [mission_node]: Undock action server not ready yet.
[WARN] [1791301826.256827419] [mission_node]: Undock action server not ready yet.
[WARN] [1791301826.257996323] [mission_node]: Undock action server not ready yet.
[WARN] [1791301826.258985665] [mission_node]: Undock action server not ready yet.
[WARN] [1791301826.360180801] [mission_node]: Undock action server not ready yet.
[WARN] [1791301826.379899066] [mission_node]: Undock action server not ready yet.
[WARN] [1791301826.382652660] [mission_node]: Undock action server not ready yet.
[WARN] [1791301826.438311450] [mission_node]: Undock action server not ready yet.
[WARN] [1791301826.441351954] [mission_node]: Undock action server not ready yet.
[WARN] [1791301826.442613061] [mission_node]: Undock action server not ready yet.
[WARN] [1791301826.444623742] [mission_node]: Undock action server not ready yet.
[WARN] [1791301826.445702609] [mission_node]: Undock action server not ready yet.
[WARN] [1791301826.446888625] [mission_node]: Undock action server not ready yet.
[WARN] [1791301826.450287721] [mission_node]: Undock action server not ready yet.
[WARN] [1791301826.547806623] [mission_node]: Undock action server not ready yet.
[WARN] [1791301826.550219645] [mission_node]: Undock action server not ready yet.
[WARN] [1791301826.553099808] [mission_node]: Undock action server not ready yet.
[WARN] [1791301826.555591755] [mission_node]: Undock action server not ready yet.
[WARN] [1791301826.557056025] [mission_node]: Undock action server not ready yet.
[WARN] [1791301826.560794932] [mission_node]: Undock action server not ready yet.
[WARN] [1791301826.564141750] [mission_node]: Undock action server not ready yet.
[WARN] [1791301826.666028622] [mission_node]: Undock action server not ready yet.
[WARN] [1791301826.670215734] [mission_node]: Undock action server not ready yet.
[WARN] [1791301826.672707160] [mission_node]: Undock action server not ready yet.
[WARN] [1791301826.674068916] [mission_node]: Undock action server not ready yet.
[WARN] [1791301826.675885520] [mission_node]: Undock action server not ready yet.
[WARN] [1791301826.677113157] [mission_node]: Undock action server not ready yet.
[WARN] [1791301826.679244042] [mission_node]: Undock action server not ready yet.
[WARN] [1791301826.680376119] [mission_node]: Undock action server not ready yet.
[WARN] [1791301826.681723402] [mission_node]: Undock action server not ready yet.
[WARN] [1791301826.782962387] [mission_node]: Undock action server not ready yet.
[WARN] [1791301826.790371437] [mission_node]: Undock action server not ready yet.
[WARN] [1791301826.793165877] [mission_node]: Undock action server not ready yet.
[WARN] [1791301826.796438763] [mission_node]: Undock action server not ready yet.
[WARN] [1791301826.799434497] [mission_node]: Undock action server not ready yet.
[WARN] [1791301826.801365262] [mission_node]: Undock action server not ready yet.
[WARN] [1791301826.899510745] [mission_node]: Undock action server not ready yet.
[WARN] [1791301826.932419563] [mission_node]: Undock action server not ready yet.
[WARN] [1791301826.935416812] [mission_node]: Undock action server not ready yet.
[WARN] [1791301826.938104556] [mission_node]: Undock action server not ready yet.
[WARN] [1791301826.941005934] [mission_node]: Undock action server not ready yet.
[WARN] [1791301826.944443472] [mission_node]: Undock action server not ready yet.
[WARN] [1791301826.947439820] [mission_node]: Undock action server not ready yet.
[WARN] [1791301826.948606428] [mission_node]: Undock action server not ready yet.
[WARN] [1791301826.950075199] [mission_node]: Undock action server not ready yet.
[WARN] [1791301827.051395490] [mission_node]: Undock action server not ready yet.
[WARN] [1791301827.152807437] [mission_node]: Undock action server not ready yet.
[WARN] [1791301827.254750847] [mission_node]: Undock action server not ready yet.
[WARN] [1791301827.356379377] [mission_node]: Undock action server not ready yet.
[WARN] [1791301827.457760881] [mission_node]: Undock action server not ready yet.
[WARN] [1791301827.559208891] [mission_node]: Undock action server not ready yet.
[WARN] [1791301827.660680353] [mission_node]: Undock action server not ready yet.
[WARN] [1791301827.762451160] [mission_node]: Undock action server not ready yet.
[WARN] [1791301827.863999364] [mission_node]: Undock action server not ready yet.
[WARN] [1791301827.965279254] [mission_node]: Undock action server not ready yet.
[WARN] [1791301828.002178956] [mission_node]: Undock action server not ready yet.
[WARN] [1791301828.003230299] [mission_node]: Undock action server not ready yet.
[WARN] [1791301828.004181394] [mission_node]: Undock action server not ready yet.
[WARN] [1791301828.005821182] [mission_node]: Undock action server not ready yet.
[WARN] [1791301828.007682822] [mission_node]: Undock action server not ready yet.
[WARN] [1791301828.008628070] [mission_node]: Undock action server not ready yet.
[WARN] [1791301828.010356423] [mission_node]: Undock action server not ready yet.
[WARN] [1791301828.011704882] [mission_node]: Undock action server not ready yet.
[WARN] [1791301828.013034292] [mission_node]: Undock action server not ready yet.
[WARN] [1791301828.015064516] [mission_node]: Undock action server not ready yet.
[WARN] [1791301828.017252769] [mission_node]: Undock action server not ready yet.
[WARN] [1791301828.018414945] [mission_node]: Undock action server not ready yet.
[WARN] [1791301828.020108591] [mission_node]: Undock action server not ready yet.
[WARN] [1791301828.021193875] [mission_node]: Undock action server not ready yet.
[WARN] [1791301828.022751850] [mission_node]: Undock action server not ready yet.
[WARN] [1791301828.124628830] [mission_node]: Undock action server not ready yet.
[WARN] [1791301828.184833809] [mission_node]: Undock action server not ready yet.
[WARN] [1791301828.187394721] [mission_node]: Undock action server not ready yet.
[WARN] [1791301828.190377607] [mission_node]: Undock action server not ready yet.
[WARN] [1791301828.193293528] [mission_node]: Undock action server not ready yet.
[WARN] [1791301828.197154366] [mission_node]: Undock action server not ready yet.
[WARN] [1791301828.198908629] [mission_node]: Undock action server not ready yet.
[WARN] [1791301828.200166816] [mission_node]: Undock action server not ready yet.
[WARN] [1791301828.202676897] [mission_node]: Undock action server not ready yet.
[WARN] [1791301828.304295705] [mission_node]: Undock action server not ready yet.
[WARN] [1791301828.305843966] [mission_node]: Undock action server not ready yet.
[WARN] [1791301828.308233415] [mission_node]: Undock action server not ready yet.
[WARN] [1791301828.311451829] [mission_node]: Undock action server not ready yet.
[WARN] [1791301828.313548763] [mission_node]: Undock action server not ready yet.
[WARN] [1791301828.314855032] [mission_node]: Undock action server not ready yet.
[WARN] [1791301828.317239924] [mission_node]: Undock action server not ready yet.
[WARN] [1791301828.319560175] [mission_node]: Undock action server not ready yet.
[WARN] [1791301828.420931673] [mission_node]: Undock action server not ready yet.
[WARN] [1791301828.431446476] [mission_node]: Undock action server not ready yet.
[WARN] [1791301828.433199829] [mission_node]: Undock action server not ready yet.
[WARN] [1791301828.434303369] [mission_node]: Undock action server not ready yet.
[WARN] [1791301828.437058291] [mission_node]: Undock action server not ready yet.
[WARN] [1791301828.439874046] [mission_node]: Undock action server not ready yet.
[WARN] [1791301828.443178657] [mission_node]: Undock action server not ready yet.
[WARN] [1791301828.542380065] [mission_node]: Undock action server not ready yet.
[WARN] [1791301828.544134253] [mission_node]: Undock action server not ready yet.
[WARN] [1791301828.546047217] [mission_node]: Undock action server not ready yet.
[WARN] [1791301828.647479401] [mission_node]: Undock action server not ready yet.
[WARN] [1791301828.658334733] [mission_node]: Undock action server not ready yet.
[WARN] [1791301828.660964268] [mission_node]: Undock action server not ready yet.
[WARN] [1791301828.664009755] [mission_node]: Undock action server not ready yet.
[WARN] [1791301828.667131748] [mission_node]: Undock action server not ready yet.
[WARN] [1791301828.723077800] [mission_node]: Undock action server not ready yet.
[WARN] [1791301828.726041999] [mission_node]: Undock action server not ready yet.
[WARN] [1791301828.728815900] [mission_node]: Undock action server not ready yet.
[WARN] [1791301828.730232490] [mission_node]: Undock action server not ready yet.
[WARN] [1791301828.731552253] [mission_node]: Undock action server not ready yet.
[WARN] [1791301828.734682565] [mission_node]: Undock action server not ready yet.
[WARN] [1791301828.737801371] [mission_node]: Undock action server not ready yet.
[WARN] [1791301828.832245432] [mission_node]: Undock action server not ready yet.
[WARN] [1791301828.834801700] [mission_node]: Undock action server not ready yet.
[WARN] [1791301828.836941997] [mission_node]: Undock action server not ready yet.
[WARN] [1791301828.838193662] [mission_node]: Undock action server not ready yet.
[WARN] [1791301828.840243805] [mission_node]: Undock action server not ready yet.
[WARN] [1791301828.841355424] [mission_node]: Undock action server not ready yet.
[WARN] [1791301828.842334052] [mission_node]: Undock action server not ready yet.
[WARN] [1791301828.843502734] [mission_node]: Undock action server not ready yet.
[WARN] [1791301828.945017226] [mission_node]: Undock action server not ready yet.
[WARN] [1791301828.983077881] [mission_node]: Undock action server not ready yet.
[WARN] [1791301828.989533816] [mission_node]: Undock action server not ready yet.
[WARN] [1791301828.998307873] [mission_node]: Undock action server not ready yet.
[WARN] [1791301829.005301330] [mission_node]: Undock action server not ready yet.
