[INFO] [1791327352.689117347] [mission_node]: Mission node started for grade 'e'. Collect from shelf_7_ID11, place on shelf_7_ID10.
[INFO] [1791327353.478067735] [mission_node]: 
[o] Make sure cube delivered
    --> Cube delivered and arm withdrawn?
    {-} Deliver cube
        [o] Make sure holding cube
            --> Holding cube?
            [-] Acquire cube
                [o] Make sure at source
                    --> At source?
                    [-] Move safely to source
                        [o] Make sure undocked (source)
                            --> Undocked?
                            --> Undock
                        [o] Make sure arm safe (source)
                            --> Arm safe?
                            --> Move arm safe
                        --> Navigate
                {-} Pick cube
                    --> Move Arm
                    --> Attach
                    --> Move Arm
                    --> Record holding cube
        [o] Make sure at destination
            --> At destination?
            [-] Move safely to destination
                [o] Make sure undocked (destination)
                    --> Undocked?
                    --> Undock
                [o] Make sure arm safe (destination)
                    --> Arm safe?
                    --> Move arm safe
                --> Holding cube while transporting?
                --> Navigate
        {-} Place cube
            --> Move Arm
            --> Detach
            --> Record cube released
            --> Move Arm
            --> Record arm safe

[INFO] [1791327353.478632815] [mission_node]: Waiting for action servers (/undock, /navigate_to_pose) to be ready...
[WARN] [1791327354.719629612] [mission_node]: New publisher discovered on topic '/dock_status', offering incompatible QoS. No messages will be received from it. Last incompatible policy: RELIABILITY
[INFO] [1791327355.722399481] [mission_node]: Waiting for TF transform (map -> base_link) to become available...
[INFO] [1791327355.914958379] [mission_node]: All readiness checks passed. Starting mission tree ticks.
[INFO] [1791327582.964625518] [mission_node]: Undock succeeded. Waiting 1.0s for motion controller to settle...
[INFO] [1791327590.555211349] [mission_node]: Clearing local and global costmaps...
[INFO] [1791327590.556687200] [mission_node]: Clearing local and global costmaps...
[INFO] [1791327590.558128099] [mission_node]: Navigating to x: 1.98, y: 7.15 (retry: 0)
[WARN] [1791327711.914226514] [mission_node]: Navigation failed with status: 6
[INFO] [1791327711.915438368] [mission_node]: Retrying navigation (1/3)...
[INFO] [1791327711.921706622] [mission_node]: Clearing local and global costmaps...
[INFO] [1791327711.928989879] [mission_node]: Clearing local and global costmaps...
[INFO] [1791327711.933799943] [mission_node]: Navigating to x: 1.98, y: 7.15 (retry: 1)
[ERROR] [1791327711.960827597] [mission_node]: Navigation goal was rejected!
[ERROR] [1791327711.972362015] [mission_node]: Mission failed.
