[INFO] [1791305266.541594748] [mission_node]: Mission node started for grade 'e'. Collect from shelf_7_ID11, place on shelf_7_ID10.
[INFO] [1791305267.271078391] [mission_node]: 
[o] Make sure cube delivered
    --> Cube delivered and arm withdrawn?
    {-} Deliver cube
        [o] Make sure holding cube
            --> Holding cube?
            [-] Acquire cube
                [o] Make sure at source
                    --> At source?
                    [-] Move safely to source
                        [o] Make sure undocked (source)
                            --> Undocked?
                            --> Undock
                        [o] Make sure arm safe (source)
                            --> Arm safe?
                            --> Move arm safe
                        --> Navigate
                {-} Pick cube
                    --> Move Arm
                    --> Attach
                    --> Move Arm
                    --> Record holding cube
        [o] Make sure at destination
            --> At destination?
            [-] Move safely to destination
                [o] Make sure undocked (destination)
                    --> Undocked?
                    --> Undock
                [o] Make sure arm safe (destination)
                    --> Arm safe?
                    --> Move arm safe
                --> Holding cube while transporting?
                --> Navigate
        {-} Place cube
            --> Move Arm
            --> Detach
            --> Record cube released
            --> Move Arm
            --> Record arm safe

[WARN] [1791305267.373136354] [mission_node]: Transform lookup failed: "map" passed to lookupTransform argument target_frame does not exist. 
[WARN] [1791305267.374329551] [mission_node]: Undock action server not ready yet.
[WARN] [1791305267.441793757] [mission_node]: Transform lookup failed: "map" passed to lookupTransform argument target_frame does not exist. 
[WARN] [1791305267.443323883] [mission_node]: Undock action server not ready yet.
[WARN] [1791305267.446874117] [mission_node]: Transform lookup failed: "map" passed to lookupTransform argument target_frame does not exist. 
[WARN] [1791305267.448046852] [mission_node]: Undock action server not ready yet.
[WARN] [1791305267.450077821] [mission_node]: Transform lookup failed: "map" passed to lookupTransform argument target_frame does not exist. 
[WARN] [1791305267.451195534] [mission_node]: Undock action server not ready yet.
[WARN] [1791305267.523853489] [mission_node]: Transform lookup failed: "map" passed to lookupTransform argument target_frame does not exist. 
[WARN] [1791305267.524867417] [mission_node]: Undock action server not ready yet.
[WARN] [1791305267.539049623] [mission_node]: Transform lookup failed: "map" passed to lookupTransform argument target_frame does not exist. 
[WARN] [1791305267.539838828] [mission_node]: Undock action server not ready yet.
[WARN] [1791305267.641044018] [mission_node]: Transform lookup failed: "map" passed to lookupTransform argument target_frame does not exist. 
[WARN] [1791305267.641836162] [mission_node]: Undock action server not ready yet.
[WARN] [1791305267.743007939] [mission_node]: Transform lookup failed: "map" passed to lookupTransform argument target_frame does not exist. 
[WARN] [1791305267.744287345] [mission_node]: Undock action server not ready yet.
[WARN] [1791305267.845600877] [mission_node]: Transform lookup failed: "map" passed to lookupTransform argument target_frame does not exist. 
[WARN] [1791305267.846310032] [mission_node]: Undock action server not ready yet.
[WARN] [1791305267.909291899] [mission_node]: Transform lookup failed: "map" passed to lookupTransform argument target_frame does not exist. 
[WARN] [1791305267.910207605] [mission_node]: Undock action server not ready yet.
[WARN] [1791305267.911413370] [mission_node]: Transform lookup failed: "map" passed to lookupTransform argument target_frame does not exist. 
[WARN] [1791305267.912146511] [mission_node]: Undock action server not ready yet.
[WARN] [1791305267.913811406] [mission_node]: Transform lookup failed: "map" passed to lookupTransform argument target_frame does not exist. 
[WARN] [1791305267.914529923] [mission_node]: Undock action server not ready yet.
[WARN] [1791305267.916207977] [mission_node]: Transform lookup failed: "map" passed to lookupTransform argument target_frame does not exist. 
[WARN] [1791305267.917206024] [mission_node]: Undock action server not ready yet.
[WARN] [1791305267.918645844] [mission_node]: Undock action server not ready yet.
[WARN] [1791305267.987538995] [mission_node]: Undock action server not ready yet.
[WARN] [1791305268.002690161] [mission_node]: Undock action server not ready yet.
[WARN] [1791305268.103154732] [mission_node]: Undock action server not ready yet.
[WARN] [1791305268.104357272] [mission_node]: Undock action server not ready yet.
[WARN] [1791305268.105348956] [mission_node]: Undock action server not ready yet.
[WARN] [1791305268.106672759] [mission_node]: Undock action server not ready yet.
[WARN] [1791305268.109750822] [mission_node]: Undock action server not ready yet.
[WARN] [1791305268.111127288] [mission_node]: Undock action server not ready yet.
[WARN] [1791305268.113078120] [mission_node]: Undock action server not ready yet.
[WARN] [1791305268.165644829] [mission_node]: Undock action server not ready yet.
[WARN] [1791305268.167793294] [mission_node]: Undock action server not ready yet.
[WARN] [1791305268.171139102] [mission_node]: Undock action server not ready yet.
[WARN] [1791305268.173860979] [mission_node]: Undock action server not ready yet.
[WARN] [1791305268.176869142] [mission_node]: Undock action server not ready yet.
[WARN] [1791305268.240464497] [mission_node]: Undock action server not ready yet.
[WARN] [1791305268.243397974] [mission_node]: Undock action server not ready yet.
[WARN] [1791305268.245089125] [mission_node]: Undock action server not ready yet.
[WARN] [1791305268.246069452] [mission_node]: Undock action server not ready yet.
[WARN] [1791305268.247098500] [mission_node]: Undock action server not ready yet.
[WARN] [1791305268.248914475] [mission_node]: Undock action server not ready yet.
[WARN] [1791305268.252533181] [mission_node]: Undock action server not ready yet.
[WARN] [1791305268.255108738] [mission_node]: Undock action server not ready yet.
[WARN] [1791305268.356430523] [mission_node]: Undock action server not ready yet.
[WARN] [1791305268.399276944] [mission_node]: Undock action server not ready yet.
[WARN] [1791305268.402322062] [mission_node]: Undock action server not ready yet.
[WARN] [1791305268.403791743] [mission_node]: Undock action server not ready yet.
[WARN] [1791305268.405026685] [mission_node]: Undock action server not ready yet.
[WARN] [1791305268.406291197] [mission_node]: Undock action server not ready yet.
[WARN] [1791305268.407536645] [mission_node]: Undock action server not ready yet.
[WARN] [1791305268.408741123] [mission_node]: Undock action server not ready yet.
[WARN] [1791305268.410320483] [mission_node]: Undock action server not ready yet.
[WARN] [1791305268.476921600] [mission_node]: Undock action server not ready yet.
[WARN] [1791305268.479952599] [mission_node]: Undock action server not ready yet.
[WARN] [1791305268.482371929] [mission_node]: Undock action server not ready yet.
[WARN] [1791305268.483621916] [mission_node]: Undock action server not ready yet.
[WARN] [1791305268.484952776] [mission_node]: Undock action server not ready yet.
[WARN] [1791305268.486057332] [mission_node]: Undock action server not ready yet.
[WARN] [1791305268.489213022] [mission_node]: Undock action server not ready yet.
[WARN] [1791305268.590750102] [mission_node]: Undock action server not ready yet.
[WARN] [1791305268.642977715] [mission_node]: Undock action server not ready yet.
[WARN] [1791305268.646014748] [mission_node]: Undock action server not ready yet.
[WARN] [1791305268.648625976] [mission_node]: Undock action server not ready yet.
[WARN] [1791305268.651469888] [mission_node]: Undock action server not ready yet.
[WARN] [1791305268.653126996] [mission_node]: Undock action server not ready yet.
[WARN] [1791305268.654658005] [mission_node]: Undock action server not ready yet.
[WARN] [1791305268.657841606] [mission_node]: Undock action server not ready yet.
[WARN] [1791305268.759309176] [mission_node]: Undock action server not ready yet.
[WARN] [1791305268.860703264] [mission_node]: Undock action server not ready yet.
[WARN] [1791305268.960912544] [mission_node]: Undock action server not ready yet.
[WARN] [1791305268.962536212] [mission_node]: Undock action server not ready yet.
[WARN] [1791305268.964293173] [mission_node]: Undock action server not ready yet.
[WARN] [1791305268.965559364] [mission_node]: Undock action server not ready yet.
[WARN] [1791305268.967649066] [mission_node]: Undock action server not ready yet.
[WARN] [1791305268.969209803] [mission_node]: Undock action server not ready yet.
[WARN] [1791305268.971490796] [mission_node]: Undock action server not ready yet.
[WARN] [1791305269.012755378] [mission_node]: Undock action server not ready yet.
[WARN] [1791305269.015318779] [mission_node]: Undock action server not ready yet.
[WARN] [1791305269.018304824] [mission_node]: Undock action server not ready yet.
[WARN] [1791305269.021411542] [mission_node]: Undock action server not ready yet.
[WARN] [1791305269.023760130] [mission_node]: Undock action server not ready yet.
[WARN] [1791305269.089679376] [mission_node]: Undock action server not ready yet.
[WARN] [1791305269.092521460] [mission_node]: Undock action server not ready yet.
[WARN] [1791305269.094214724] [mission_node]: Undock action server not ready yet.
[WARN] [1791305269.096057035] [mission_node]: Undock action server not ready yet.
[WARN] [1791305269.099614588] [mission_node]: Undock action server not ready yet.
[WARN] [1791305269.101906921] [mission_node]: Undock action server not ready yet.
[WARN] [1791305269.104965051] [mission_node]: Undock action server not ready yet.
[WARN] [1791305269.106337081] [mission_node]: Undock action server not ready yet.
[WARN] [1791305269.107720738] [mission_node]: Undock action server not ready yet.
[WARN] [1791305269.109371422] [mission_node]: Undock action server not ready yet.
[WARN] [1791305269.193605345] [mission_node]: Undock action server not ready yet.
[WARN] [1791305269.196438037] [mission_node]: Undock action server not ready yet.
[WARN] [1791305269.199480685] [mission_node]: Undock action server not ready yet.
[WARN] [1791305269.202347628] [mission_node]: Undock action server not ready yet.
[WARN] [1791305269.205227755] [mission_node]: Undock action server not ready yet.
[WARN] [1791305269.306990845] [mission_node]: Undock action server not ready yet.
[WARN] [1791305269.321747461] [mission_node]: Undock action server not ready yet.
[WARN] [1791305269.324937656] [mission_node]: Undock action server not ready yet.
[WARN] [1791305269.326743101] [mission_node]: Undock action server not ready yet.
[WARN] [1791305269.328337813] [mission_node]: Undock action server not ready yet.
[WARN] [1791305269.329848070] [mission_node]: Undock action server not ready yet.
[WARN] [1791305269.331205531] [mission_node]: Undock action server not ready yet.
[WARN] [1791305269.333188962] [mission_node]: Undock action server not ready yet.
[WARN] [1791305269.336208391] [mission_node]: Undock action server not ready yet.
[WARN] [1791305269.401166274] [mission_node]: Undock action server not ready yet.
[WARN] [1791305269.403897959] [mission_node]: Undock action server not ready yet.
[WARN] [1791305269.505391371] [mission_node]: Undock action server not ready yet.
[WARN] [1791305269.529797877] [mission_node]: Undock action server not ready yet.
[WARN] [1791305269.532808067] [mission_node]: Undock action server not ready yet.
[WARN] [1791305269.535914220] [mission_node]: Undock action server not ready yet.
[WARN] [1791305269.538680653] [mission_node]: Undock action server not ready yet.
[WARN] [1791305269.547394842] [mission_node]: Undock action server not ready yet.
[WARN] [1791305269.548850122] [mission_node]: Undock action server not ready yet.
[WARN] [1791305269.550065438] [mission_node]: Undock action server not ready yet.
[WARN] [1791305269.551259927] [mission_node]: Undock action server not ready yet.
[WARN] [1791305269.553228053] [mission_node]: Undock action server not ready yet.
[WARN] [1791305269.554319041] [mission_node]: Undock action server not ready yet.
[WARN] [1791305269.555947066] [mission_node]: Undock action server not ready yet.
[WARN] [1791305269.561073063] [mission_node]: Undock action server not ready yet.
[WARN] [1791305269.563806947] [mission_node]: Undock action server not ready yet.
[WARN] [1791305269.636710568] [mission_node]: Undock action server not ready yet.
[WARN] [1791305269.658378450] [mission_node]: Undock action server not ready yet.
[WARN] [1791305269.661185412] [mission_node]: Undock action server not ready yet.
[WARN] [1791305269.664404287] [mission_node]: Undock action server not ready yet.
[WARN] [1791305269.666583584] [mission_node]: Undock action server not ready yet.
[WARN] [1791305269.734719880] [mission_node]: Undock action server not ready yet.
[WARN] [1791305269.737510425] [mission_node]: Undock action server not ready yet.
[WARN] [1791305269.785768702] [mission_node]: Undock action server not ready yet.
[WARN] [1791305269.787844535] [mission_node]: Undock action server not ready yet.
[WARN] [1791305269.791137425] [mission_node]: Undock action server not ready yet.
[WARN] [1791305269.793914589] [mission_node]: Undock action server not ready yet.
[WARN] [1791305269.796895621] [mission_node]: Undock action server not ready yet.
[WARN] [1791305269.798222433] [mission_node]: Undock action server not ready yet.
[WARN] [1791305269.799423268] [mission_node]: Undock action server not ready yet.
[WARN] [1791305269.800473700] [mission_node]: Undock action server not ready yet.
[WARN] [1791305430.865701720] [tf2_buffer]: Detected jump back in time. Clearing tf buffer.
[WARN] [1791305430.870779952] [mission_node]: Transform lookup failed: Could not find a connection between 'map' and 'base_link' because they are not part of the same tree.Tf has two or more unconnected trees.
[WARN] [1791305430.872876267] [mission_node]: Transform lookup failed: Could not find a connection between 'map' and 'base_link' because they are not part of the same tree.Tf has two or more unconnected trees.
[WARN] [1791305430.974222643] [mission_node]: Transform lookup failed: Could not find a connection between 'map' and 'base_link' because they are not part of the same tree.Tf has two or more unconnected trees.
[WARN] [1791305431.076747946] [mission_node]: Transform lookup failed: Could not find a connection between 'map' and 'base_link' because they are not part of the same tree.Tf has two or more unconnected trees.
[WARN] [1791305431.101059940] [mission_node]: Transform lookup failed: Could not find a connection between 'map' and 'base_link' because they are not part of the same tree.Tf has two or more unconnected trees.
[WARN] [1791305431.202824867] [mission_node]: Transform lookup failed: Could not find a connection between 'map' and 'base_link' because they are not part of the same tree.Tf has two or more unconnected trees.
[WARN] [1791305431.304491977] [mission_node]: Transform lookup failed: Could not find a connection between 'map' and 'base_link' because they are not part of the same tree.Tf has two or more unconnected trees.
[WARN] [1791305431.405740277] [mission_node]: Transform lookup failed: Could not find a connection between 'map' and 'base_link' because they are not part of the same tree.Tf has two or more unconnected trees.
[WARN] [1791305431.507037256] [mission_node]: Transform lookup failed: Could not find a connection between 'map' and 'base_link' because they are not part of the same tree.Tf has two or more unconnected trees.
[WARN] [1791305431.608266262] [mission_node]: Transform lookup failed: Could not find a connection between 'map' and 'base_link' because they are not part of the same tree.Tf has two or more unconnected trees.
[WARN] [1791305431.709812697] [mission_node]: Transform lookup failed: Could not find a connection between 'map' and 'base_link' because they are not part of the same tree.Tf has two or more unconnected trees.
[WARN] [1791305431.811278554] [mission_node]: Transform lookup failed: Could not find a connection between 'map' and 'base_link' because they are not part of the same tree.Tf has two or more unconnected trees.
[WARN] [1791305431.913111487] [mission_node]: Transform lookup failed: Could not find a connection between 'map' and 'base_link' because they are not part of the same tree.Tf has two or more unconnected trees.
[WARN] [1791305432.014522454] [mission_node]: Transform lookup failed: Could not find a connection between 'map' and 'base_link' because they are not part of the same tree.Tf has two or more unconnected trees.
[WARN] [1791305432.116030380] [mission_node]: Transform lookup failed: Could not find a connection between 'map' and 'base_link' because they are not part of the same tree.Tf has two or more unconnected trees.
[WARN] [1791305432.217356158] [mission_node]: Transform lookup failed: Could not find a connection between 'map' and 'base_link' because they are not part of the same tree.Tf has two or more unconnected trees.
[WARN] [1791305432.318675727] [mission_node]: Transform lookup failed: Could not find a connection between 'map' and 'base_link' because they are not part of the same tree.Tf has two or more unconnected trees.
[WARN] [1791305432.419927258] [mission_node]: Transform lookup failed: Could not find a connection between 'map' and 'base_link' because they are not part of the same tree.Tf has two or more unconnected trees.
[WARN] [1791305432.521461927] [mission_node]: Transform lookup failed: Could not find a connection between 'map' and 'base_link' because they are not part of the same tree.Tf has two or more unconnected trees.
[WARN] [1791305432.624357663] [mission_node]: Transform lookup failed: Could not find a connection between 'map' and 'base_link' because they are not part of the same tree.Tf has two or more unconnected trees.
[WARN] [1791305432.725603790] [mission_node]: Transform lookup failed: Could not find a connection between 'map' and 'base_link' because they are not part of the same tree.Tf has two or more unconnected trees.
[WARN] [1791305432.826922321] [mission_node]: Transform lookup failed: Could not find a connection between 'map' and 'base_link' because they are not part of the same tree.Tf has two or more unconnected trees.
[WARN] [1791305432.928275382] [mission_node]: Transform lookup failed: Could not find a connection between 'map' and 'base_link' because they are not part of the same tree.Tf has two or more unconnected trees.
[WARN] [1791305433.029687175] [mission_node]: Transform lookup failed: Could not find a connection between 'map' and 'base_link' because they are not part of the same tree.Tf has two or more unconnected trees.
[WARN] [1791305433.131069026] [mission_node]: Transform lookup failed: Could not find a connection between 'map' and 'base_link' because they are not part of the same tree.Tf has two or more unconnected trees.
[WARN] [1791305433.159022001] [mission_node]: Transform lookup failed: Could not find a connection between 'map' and 'base_link' because they are not part of the same tree.Tf has two or more unconnected trees.
[WARN] [1791305433.165146263] [mission_node]: Transform lookup failed: Could not find a connection between 'map' and 'base_link' because they are not part of the same tree.Tf has two or more unconnected trees.
[WARN] [1791305433.169992414] [mission_node]: Transform lookup failed: Could not find a connection between 'map' and 'base_link' because they are not part of the same tree.Tf has two or more unconnected trees.
[WARN] [1791305433.173582301] [mission_node]: Transform lookup failed: Could not find a connection between 'map' and 'base_link' because they are not part of the same tree.Tf has two or more unconnected trees.
[WARN] [1791305433.178332655] [mission_node]: Transform lookup failed: Could not find a connection between 'map' and 'base_link' because they are not part of the same tree.Tf has two or more unconnected trees.
[WARN] [1791305433.185886427] [mission_node]: Transform lookup failed: Could not find a connection between 'map' and 'base_link' because they are not part of the same tree.Tf has two or more unconnected trees.
[WARN] [1791305433.189576890] [mission_node]: Transform lookup failed: Could not find a connection between 'map' and 'base_link' because they are not part of the same tree.Tf has two or more unconnected trees.
[WARN] [1791305433.205755698] [mission_node]: Transform lookup failed: Could not find a connection between 'map' and 'base_link' because they are not part of the same tree.Tf has two or more unconnected trees.
