[INFO] [1791387559.153200738] [mission_node]: Mission node started for grade 'e'. Collect from shelf_7_ID11, place on shelf_7_ID10.
[INFO] [1791387559.890082376] [mission_node]: 
[o] Make sure cube delivered
    --> Cube delivered and arm withdrawn?
    {-} Deliver cube
        [o] Make sure holding cube
            --> Holding cube?
            [-] Acquire cube
                [o] Make sure at source
                    --> At source?
                    [-] Move safely to source
                        [o] Make sure undocked (source)
                            --> Undocked?
                            --> Undock
                        [o] Make sure arm safe (source)
                            --> Arm safe?
                            --> Move arm safe
                        --> Navigate
                {-} Pick cube
                    --> Move Arm
                    --> Attach
                    --> Move Arm
                    --> Record holding cube
        [o] Make sure at destination
            --> At destination?
            [-] Move safely to destination
                [o] Make sure undocked (destination)
                    --> Undocked?
                    --> Undock
                [o] Make sure arm safe (destination)
                    --> Arm safe?
                    --> Move arm safe
                --> Holding cube while transporting?
                --> Navigate
        {-} Place cube
            --> Move Arm
            --> Detach
            --> Record cube released
            --> Move Arm
            --> Record arm safe

[INFO] [1791387559.890765024] [mission_node]: Waiting for action servers (/undock, /navigate_to_pose) to be ready...
[INFO] [1791387563.395874464] [mission_node]: Checking map_server lifecycle state...
[INFO] [1791387563.401024120] [mission_node]: map_server current lifecycle state: active
[INFO] [1791387563.401898361] [mission_node]: map_server is already active.
[INFO] [1791387563.402609292] [mission_node]: Waiting for TF transform (map -> base_link) to become available...
[INFO] [1791387564.284326267] [mission_node]: All readiness checks passed. Starting mission tree ticks.
[INFO] [1791387627.929669961] [mission_node]: Undock completed successfully.
[INFO] [1791387627.930396349] [mission_node]: Clearing local and global costmaps...
[INFO] [1791387627.932276247] [mission_node]: Clearing local and global costmaps...
[INFO] [1791387627.933250542] [mission_node]: Navigating to x: 1.98, y: 7.15
[WARN] [1791387831.746374841] [mission_node]: Navigation failed with status: 6
[ERROR] [1791387831.747059541] [mission_node]: Mission failed.
