[INFO] [1791302851.588564048] [mission_node]: Mission node started for grade 'e'. Collect from shelf_7_ID11, place on shelf_7_ID10.
[INFO] [1791302851.709762400] [mission_node]: 
[o] Make sure cube delivered
    --> Cube delivered and arm withdrawn?
    {-} Deliver cube
        [o] Make sure holding cube
            --> Holding cube?
            [-] Acquire cube
                [o] Make sure at source
                    --> At source?
                    [-] Move safely to source
                        [o] Make sure undocked (source)
                            --> Undocked?
                            --> Undock
                        [o] Make sure arm safe (source)
                            --> Arm safe?
                            --> Move arm safe
                        --> Navigate
                {-} Pick cube
                    --> Move Arm
                    --> Attach
                    --> Move Arm
                    --> Record holding cube
        [o] Make sure at destination
            --> At destination?
            [-] Move safely to destination
                [o] Make sure undocked (destination)
                    --> Undocked?
                    --> Undock
                [o] Make sure arm safe (destination)
                    --> Arm safe?
                    --> Move arm safe
                --> Holding cube while transporting?
                --> Navigate
        {-} Place cube
            --> Move Arm
            --> Detach
            --> Record cube released
            --> Move Arm
            --> Record arm safe

[WARN] [1791302851.714851599] [mission_node]: Transform lookup failed: "base_link" passed to lookupTransform argument source_frame does not exist. 
[WARN] [1791302851.715944283] [mission_node]: Undock action server not ready yet.
[WARN] [1791302851.817269028] [mission_node]: Transform lookup failed: "base_link" passed to lookupTransform argument source_frame does not exist. 
[WARN] [1791302851.818144280] [mission_node]: Undock action server not ready yet.
[WARN] [1791302851.821622585] [mission_node]: Undock action server not ready yet.
[WARN] [1791302851.823859382] [mission_node]: Undock action server not ready yet.
[WARN] [1791302851.925166189] [mission_node]: Undock action server not ready yet.
[WARN] [1791302852.026804208] [mission_node]: Undock action server not ready yet.
[WARN] [1791302852.128275925] [mission_node]: Undock action server not ready yet.
[WARN] [1791302852.229770505] [mission_node]: Undock action server not ready yet.
[WARN] [1791302852.237107224] [mission_node]: Undock action server not ready yet.
[WARN] [1791302852.238313545] [mission_node]: Undock action server not ready yet.
[WARN] [1791302852.240081303] [mission_node]: Undock action server not ready yet.
[WARN] [1791302852.241706881] [mission_node]: Undock action server not ready yet.
[WARN] [1791302852.248741924] [mission_node]: Undock action server not ready yet.
[INFO] [1791303067.657499623] [mission_node]: Undock succeeded.
[INFO] [1791303067.658667610] [mission_node]: Navigating to x: 1.98, y: 7.15
[ERROR] [1791303138.738639514] [mission_node]: Navigation failed with status: 6
[ERROR] [1791303138.744695078] [mission_node]: Mission failed.
