[INFO] [1791331358.452717744] [mission_node]: Mission node started for grade 'e'. Collect from shelf_7_ID11, place on shelf_7_ID10.
[INFO] [1791331358.560182292] [mission_node]: 
[o] Make sure cube delivered
    --> Cube delivered and arm withdrawn?
    {-} Deliver cube
        [o] Make sure holding cube
            --> Holding cube?
            [-] Acquire cube
                [o] Make sure at source
                    --> At source?
                    [-] Move safely to source
                        [o] Make sure undocked (source)
                            --> Undocked?
                            --> Undock
                        [o] Make sure arm safe (source)
                            --> Arm safe?
                            --> Move arm safe
                        --> Navigate
                {-} Pick cube
                    --> Move Arm
                    --> Attach
                    --> Move Arm
                    --> Record holding cube
        [o] Make sure at destination
            --> At destination?
            [-] Move safely to destination
                [o] Make sure undocked (destination)
                    --> Undocked?
                    --> Undock
                [o] Make sure arm safe (destination)
                    --> Arm safe?
                    --> Move arm safe
                --> Holding cube while transporting?
                --> Navigate
        {-} Place cube
            --> Move Arm
            --> Detach
            --> Record cube released
            --> Move Arm
            --> Record arm safe

[INFO] [1791331358.561071187] [mission_node]: Waiting for action servers (/undock, /navigate_to_pose) to be ready...
[INFO] [1791331362.070002620] [mission_node]: Waiting for TF transform (map -> base_link) to become available...
[INFO] [1791331362.074358316] [mission_node]: All readiness checks passed. Starting mission tree ticks.
[INFO] [1791331437.696648274] [mission_node]: Undock completed successfully.
[INFO] [1791331437.697405678] [mission_node]: Clearing local and global costmaps...
[ERROR] [1791331471.300830981] [mission_node]: Arm trajectory failed with status: 6, error_code: -5
[ERROR] [1791331471.301720456] [mission_node]: Mission failed.
